Nx Ny   Maxerr
2	2	4.0667e+00
3	3	2.4869e-01
5	5	2.3014e-01
9	9	1.8120e-01
17	17	1.2621e-01
33	33	8.3736e-02
65	65	5.4232e-02
129	129	3.3904e-02
257	257	2.0581e-02
513	513	1.2198e-02
1025	1025	7.0860e-03
2049	2049	4.0475e-03

